// Jest Snapshot v1, https://goo.gl/fbAQLP

exports[`<App /> renders correctly 1`] = `
<div
  className="App"
>
  <div
    className="dashboard-container"
  >
    <div
      className="search-panel"
    >
      <header>
        Git repositories by stars
      </header>
      <input
        onKeyPress={[Function]}
        placeholder="search"
        type="text"
      />
      <button
        onClick={[Function]}
      >
        search
      </button>
    </div>
  </div>
</div>
`;
